// Vitest Snapshot v1, https://vitest.dev/guide/snapshot.html

exports[`Agent > Chat > chat/restore (With null model) 1`] = `"I apologize for any confusion, but I don't have specific information about my underlying model architecture or version. As I mentioned, I'm Cody, an AI coding assistant created by Sourcegraph. I'm designed to help with coding and software development tasks, but details about my exact model or training are not something I have access to or am able to share. Is there a particular coding or development task I can assist you with today?"`;

exports[`Agent > Chat > chat/submitMessage (long message) 1`] = `
"Certainly! I'll create a simple "Hello, World!" function in Java for you. Here's the code:

\`\`\`java:HelloWorld.java
public class HelloWorld {
    public static void main(String[] args) {
        sayHello();
    }

    public static void sayHello() {
        System.out.println("Hello, World!");
    }
}
\`\`\`

This Java code does the following:

1. We define a class called \`HelloWorld\`.
2. Inside the class, we have the \`main\` method, which is the entry point of any Java program.
3. We also define a \`sayHello()\` method that prints "Hello, World!" to the console.
4. In the \`main\` method, we call the \`sayHello()\` function.

To run this program:

1. Save the file as \`HelloWorld.java\`.
2. Compile it using the command: \`javac HelloWorld.java\`
3. Run it using the command: \`java HelloWorld\`

When you run this program, it will output:

\`\`\`
Hello, World!
\`\`\`

This is a basic example of a Java function that prints a greeting to the console."
`;

exports[`Agent > Chat > chat/submitMessage (with mock context) 1`] = `
"Certainly! Here's a class Dog that implements the Animal interface based on the context provided:

\`\`\`typescript:src/dog.ts
import { Animal } from './animal';

export class Dog implements Animal {
    name: string;
    isMammal: boolean = true;

    constructor(name: string) {
        this.name = name;
    }

    makeAnimalSound(): string {
        return "Woof!";
    }
}
\`\`\`

This implementation fulfills all the requirements of the Animal interface defined in your workspace."
`;

exports[`Agent > Commands > commands/explain 1`] = `
"The code in question is an interface for the \`Animal\` type that resides in the \`src/animal.ts\` file.

The purpose of this code is to define a blueprint for any object or class that wants to represent an animal in a program, including details of the data that the animal object should have and the kind of behaviors it should exhibit.

This code snippet specifies that the \`Animal\` interface should have three properties: \`name\` (a string), \`makeAnimalSound\` (a function that returns a string), and \`isMammal\` (a boolean).

This code does not take in any inputs, but any object or class that implements this interface will have to provide values for its properties.

The code does not produce any direct outputs since it just defines an interface. However, when other parts of the program use the \`Animal\` interface, they have to define the necessary properties and provide concrete implementations for the interface's members. Therefore, the \`Animal\` interface enables consistent and predictable behavior when working with objects that represent animals in the codebase.

To summarize, this \`Animal\` interface code snippet provides a reusable blueprint that other parts of the codebase can leverage to ensure that objects that represent animals have consistent properties and methods. The interface specifies what an object needs to do to be classified as an "animal" but does not restrict how the object achieves these behaviors. This way, there is freedom in implementation while maintaining consistency throughout the codebase."
`;

exports[`Agent > Commands > commands/smell 1`] = `
"Here are 5 potential areas for improvement related to the code in \`@src/animal.ts\`:

1. Include a docstring or JSDoc comment for the \`Animal\` interface. This will improve readability and maintainability by providing a brief description of the interface and its intended purpose.

\`\`\`typescript
/**
 * Represents an animal with a name, the ability to make a sound, and a boolean indicating
 * whether it is a mammal.
 */
export interface Animal {
    // ... interface definition ...
}
\`\`\`

2. Consider using type inference for the \`name\` property. This can make the code easier to read by reducing repetition and unnecessary verbosity.

\`\`\`typescript
export interface Animal {
    name: string;
    // ... interface definition ...
}
\`\`\`

could become:

\`\`\`typescript
export interface Animal {
    name;
    // ... interface definition ...
}
\`\`\`

3. Include an accessibility modifier for the \`makeAnimalSound()\` method. By default, members in an interface are public. Adding an accessibility modifier, such as \`public\`, will make the code more explicit and self-documenting.

\`\`\`typescript
export interface Animal {
    name: string;
    public makeAnimalSound(): string;
    isMammal: boolean;
}
\`\`\`

4. Consider providing a default value for the \`isMammal\` property. This will ensure that instances of \`Animal\` implementations always have a defined value for this property.

\`\`\`typescript
export interface Animal {
    name: string;
    makeAnimalSound(): string;
    isMammal: boolean;  // default value: false
}
\`\`\`

5. Exporting the \`Animal\` interface from the module can lead to tight coupling and make it harder to manage dependencies. Consider using an internal module instead, if possible.

---

Overall, the code has a good structure and generally follows sound design principles. The suggestions above are aimed at further improving the code's readability, maintainability, and alignment with best practices."
`;

exports[`Agent > Commands > commands/test 1`] = `
"Based on the provided code context, the codebase is written in TypeScript and uses the Vitest test framework. I will generate a set of unit tests for the \`Animal\` interface in \`src/animal.ts\`.

Importing the necessary modules:
\`\`\`typescript
import { expect, describe, it } from 'vitest'
import { Animal } from './animal'
\`\`\`
Unit tests for \`src/animal.ts\`:
\`\`\`typescript
describe('Animal', () => {
  let animal: Animal

  // Define a base animal with required properties
  beforeEach(() => {
    animal = {
      name: 'Cat',
      makeAnimalSound: () => 'Meow',
      isMammal: true,
    }
  })

  it('should have a name property of string type', () => {
    expect(animal.name).toBeTypeOf('string')
  })

Here is a suite of unit tests for the functions in \`@src/animal.ts:1-6\` using vitest:
\`\`\`typescript
import { expect } from 'vitest'
import { TestClass } from './TestClass'
import { Animal, isMammal, makeAnimalSound } from './animal'

describe('Animal tests', () => {
  const testAnimal: Animal = {
    name: 'Test Animal',
    makeAnimalSound: () => 'Test Sound',
    isMammal: true,
  }

  it('Should have a name property', () => {
    expect(testAnimal).toHaveProperty('name')
  })

  it('Should have a makeAnimalSound function', () => {
    expect(testAnimal).toHaveProperty('makeAnimalSound')
    expect(typeof testAnimal.makeAnimalSound).toBe('function')
  })

  it('Should have an isMammal property', () => {
    expect(testAnimal).toHaveProperty('isMammal')
    expect(typeof testAnimal.isMammal).toBe('boolean')
  })

  it('makeAnimalSound should return a string', () => {
    expect(makeAnimalSound(testAnimal)).toBe('Test Sound')
  })

  it('isMammal should return true if the animal is a mammal', () => {
    expect(isMammal(testAnimal)).toBe(true)
  })
})
\`\`\`
Test coverage:

* Validates that the \`Animal\` interface has the expected properties.
* Validates that the \`makeAnimalSound\` function returns a string.
* Validates that the \`isMammal\` function returns the expected boolean value.

Limitations:

* This test suite assumes that the \`makeAnimalSound\` function and \`isMammal\` function are properly implemented in the source code.
* Additional tests could be added to check for proper error handling, boundary cases, etc."
`;
